src/components/DashboardLayout.tsx(85,17): error TS2322: Type '{ open: { width: number; transition: { type: string; damping: number; stiffness: number; }; }; closed: { width: number; transition: { type: string; damping: number; stiffness: number; }; }; }' is not assignable to type 'Variants'.
  Property 'open' is incompatible with index signature.
    Type '{ width: number; transition: { type: string; damping: number; stiffness: number; }; }' is not assignable to type 'Variant'.
      Type '{ width: number; transition: { type: string; damping: number; stiffness: number; }; }' is not assignable to type 'TargetAndTransition'.
        Type '{ width: number; transition: { type: string; damping: number; stiffness: number; }; }' is not assignable to type '{ transition?: Transition<any> | undefined; transitionEnd?: ResolvedValues$1 | undefined; }'.
          Types of property 'transition' are incompatible.
            Type '{ type: string; damping: number; stiffness: number; }' is not assignable to type 'Transition<any> | undefined'.
              Type '{ type: string; damping: number; stiffness: number; }' is not assignable to type 'TransitionWithValueOverrides<any>'.
                Type '{ type: string; damping: number; stiffness: number; }' is not assignable to type 'ValueAnimationTransition<any>'.
                  Types of property 'type' are incompatible.
                    Type 'string' is not assignable to type 'AnimationGeneratorType | undefined'.
src/components/ui/RangeDateTimePicker.tsx(4,66): error TS2305: Module '"date-fns"' has no exported member 'eachDayOfInterval'.
src/components/ui/RangeDateTimePicker.tsx(4,109): error TS2305: Module '"date-fns"' has no exported member 'isWithinInterval'.
src/components/ui/RangeDateTimePicker.tsx(4,149): error TS2305: Module '"date-fns"' has no exported member 'parseISO'.
src/components/ui/RangeDateTimePicker.tsx(86,66): error TS2554: Expected 1-2 arguments, but got 3.
src/components/ui/RangeDateTimePicker.tsx(88,62): error TS2554: Expected 1-2 arguments, but got 3.
src/components/ui/RangeDateTimePicker.tsx(151,68): error TS2554: Expected 1-2 arguments, but got 3.
src/components/ui/RangeDateTimePicker.tsx(175,43): error TS7006: Parameter 'day' implicitly has an 'any' type.
